4
1 0 1 2 3 4
9 27 29 30 32 33 34
15 5 7 8 10 11 12 15
20 16 21 23 35 37 40
