18
2 1 4 5
7 45 46 48
11 0 3
14 58
17 9
19 43 44
28 49 50 51 52 53
30 60 64
32 27 28 29 30
38 18
39 24 25 26 34
40 35 37 39
42 32
45 2 6 13
46 38
48 33 36
49 31
50 54 55 59
