14
1 78 79 82 83 85
3 50 52 53
7 9
10 70 72 73 75
15 0
16 15
18 65 66
19 28 29
21 32 35
26 1 2 3
29 14 18 20 21 22 23
31 55 57 58 60 61
32 37 38 39 41
40 62 63 64
