8
2 34
3 4 5 6 7
4 38 49 53
6 41
7 22 23 24
12 12 17
18 0 8
19 47 58 63 68 74
