5
5 0
6 26 27
8 18 21 28
11 60 67 72 78
18 50 53 55 57 58 59
