7
1 10 12 16
3 4 11 13
8 33 36 40 46
9 22 23
10 0 1 2
17 18 27
20 26 30 31 32
