10
2 37 38 39 40 41 42
6 56 57 59 61
8 25 26 27 29
16 31 32
18 33 34 35 36
28 9 10 11
33 101 102 103 108 110 113 114
34 19 20 21 22
37 14 15 16 18 23
38 46 48 49 54
