22
1 35 37 41
3 0
4 39
8 100 101
10 27 29 30
11 8 9
14 48
16 87 88 93 95
19 67
23 73
24 116 117
26 112
27 23 24 25 26
28 19 20 21 22
29 89 90
30 44
31 91 92 94 97 98
33 45 46 47
34 79 81
36 3
37 31 33
39 13
